 bin2file

 Timestamp is 65d3ac74 (Mon Feb 19 22:31:00 2024)

 Preferred load address is 0000000000400000

 Start         Length     Name                   Class
 0001:00000000 000007c4H .text                   CODE
 0001:000007c4 0000002aH .text$mn                CODE
 0002:00000000 00000040H .idata$5                DATA
 0002:00000040 0000001cH .rdata                  DATA
 0002:0000005c 00000000H .edata                  DATA
 0002:0000005c 000000d4H .rdata$zzzdbg           DATA
 0002:00000130 00000014H .idata$2                DATA
 0002:00000144 00000014H .idata$3                DATA
 0002:00000158 00000040H .idata$4                DATA
 0002:00000198 00000076H .idata$6                DATA
 0003:00000000 000002dcH .data                   DATA
 0003:000002dc 00002008H .bss                    DATA

  Address         Publics by Value              Rva+Base               Lib:Object

 0000:00000000       __guard_fids_table         0000000000000000     <absolute>
 0000:00000000       ___safe_se_handler_count   0000000000000000     <absolute>
 0000:00000000       __guard_longjmp_count      0000000000000000     <absolute>
 0000:00000000       ___safe_se_handler_table   0000000000000000     <absolute>
 0000:00000000       __guard_longjmp_table      0000000000000000     <absolute>
 0000:00000000       __guard_fids_count         0000000000000000     <absolute>
 0000:00000000       __guard_iat_count          0000000000000000     <absolute>
 0000:00000000       __guard_iat_table          0000000000000000     <absolute>
 0000:00000000       __dynamic_value_reloc_table 0000000000000000     <absolute>
 0000:00000000       __guard_flags              0000000000000000     <absolute>
 0001:00000000       main                       0000000000401000     bin2file.obj
 0001:000007c4       GetStdHandle               00000000004017c4 f   kernel32:KERNEL32.dll
 0001:000007ca       WriteFile                  00000000004017ca f   kernel32:KERNEL32.dll
 0001:000007d0       GetCommandLineA            00000000004017d0 f   kernel32:KERNEL32.dll
 0001:000007d6       CreateFileA                00000000004017d6 f   kernel32:KERNEL32.dll
 0001:000007dc       SetFilePointer             00000000004017dc f   kernel32:KERNEL32.dll
 0001:000007e2       ReadFile                   00000000004017e2 f   kernel32:KERNEL32.dll
 0001:000007e8       CloseHandle                00000000004017e8 f   kernel32:KERNEL32.dll
 0002:00000000       __imp_WriteFile            0000000000402000     kernel32:KERNEL32.dll
 0002:00000008       __imp_GetCommandLineA      0000000000402008     kernel32:KERNEL32.dll
 0002:00000010       __imp_CreateFileA          0000000000402010     kernel32:KERNEL32.dll
 0002:00000018       __imp_SetFilePointer       0000000000402018     kernel32:KERNEL32.dll
 0002:00000020       __imp_ReadFile             0000000000402020     kernel32:KERNEL32.dll
 0002:00000028       __imp_CloseHandle          0000000000402028     kernel32:KERNEL32.dll
 0002:00000030       __imp_GetStdHandle         0000000000402030     kernel32:KERNEL32.dll
 0002:00000038       \177KERNEL32_NULL_THUNK_DATA 0000000000402038     kernel32:KERNEL32.dll
 0002:00000130       __IMPORT_DESCRIPTOR_KERNEL32 0000000000402130     kernel32:KERNEL32.dll
 0002:00000144       __NULL_IMPORT_DESCRIPTOR   0000000000402144     kernel32:KERNEL32.dll

 entry point at        0001:00000000

 Static symbols

 0001:00000059       NextSym                    0000000000401059     bin2file.obj
 0001:00000067       ArgsDone                   0000000000401067     bin2file.obj
 0001:000000a7       NextSym1                   00000000004010a7     bin2file.obj
 0001:000000ba       TestDelim1                 00000000004010ba     bin2file.obj
 0001:000000d8       NextSym2                   00000000004010d8     bin2file.obj
 0001:000000f3       StoreInFile                00000000004010f3     bin2file.obj
 0001:0000016f       TestDelim2                 000000000040116f     bin2file.obj
 0001:0000018d       NextSym3                   000000000040118d     bin2file.obj
 0001:000001a8       StoreOutFile               00000000004011a8     bin2file.obj
 0001:00000224       TestDelim3                 0000000000401224     bin2file.obj
 0001:00000242       NextSym4                   0000000000401242     bin2file.obj
 0001:0000025d       StoreInOffset              000000000040125d     bin2file.obj
 0001:000002d9       TestDelim4                 00000000004012d9     bin2file.obj
 0001:000002f7       NextSym5                   00000000004012f7     bin2file.obj
 0001:00000312       StoreInSize                0000000000401312     bin2file.obj
 0001:0000038e       TestDelim5                 000000000040138e     bin2file.obj
 0001:000003ac       NextSym6                   00000000004013ac     bin2file.obj
 0001:000003c3       StoreOutOffset             00000000004013c3     bin2file.obj
 0001:0000052e       MoveFileOfs                000000000040152e     bin2file.obj
 0001:0000058c       ReadFileBuf                000000000040158c     bin2file.obj
 0001:000005db       DisplayReadError           00000000004015db     bin2file.obj
 0001:00000612       DoneCloseInFile            0000000000401612     bin2file.obj
 0001:000006a7       DoSeekOutFile              00000000004016a7     bin2file.obj
 0001:00000705       DoWriteFile                0000000000401705     bin2file.obj
 0001:00000752       DisplayWriteError          0000000000401752     bin2file.obj
 0001:00000784       DoCloseOutputFile          0000000000401784     bin2file.obj
 0001:00000799       Finished                   0000000000401799     bin2file.obj
 0001:0000079d       ExitProgram                000000000040179d     bin2file.obj
 0001:000007a0       atoi                       00000000004017a0     bin2file.obj
 0001:000007a0       @fn_atoi                   00000000004017a0     bin2file.obj
 0001:000007a3       atoi.top                   00000000004017a3     bin2file.obj
 0001:000007c3       atoi.done                  00000000004017c3     bin2file.obj
 0002:00000200       .idata$6                   0000000000402200     kernel32:KERNEL32.dll
 0003:00000000       temp_rbx                   0000000000403000     bin2file.obj
 0003:00000008       crlf_buf                   0000000000403008     bin2file.obj
 0003:0000000b       crlf_len                   000000000040300b     bin2file.obj
 0003:00000013       NtlpBuffer                 0000000000403013     bin2file.obj
 0003:000000b5       NtnNBytesToWrite           00000000004030b5     bin2file.obj
 0003:000000bd       Msg_01_CannotOpenFile      00000000004030bd     bin2file.obj
 0003:000000e2       Msg_01_Len                 00000000004030e2     bin2file.obj
 0003:000000ea       Msg_02_CannotSeekFile      00000000004030ea     bin2file.obj
 0003:0000010f       Msg_02_Len                 000000000040310f     bin2file.obj
 0003:00000117       Msg_03_CannotReadFile      0000000000403117     bin2file.obj
 0003:0000013c       Msg_03_Len                 000000000040313c     bin2file.obj
 0003:00000144       Msg_04_CannotCreateFile    0000000000403144     bin2file.obj
 0003:0000016b       Msg_04_Len                 000000000040316b     bin2file.obj
 0003:00000173       Msg_05_CannotWriteFile     0000000000403173     bin2file.obj
 0003:00000199       Msg_05_Len                 0000000000403199     bin2file.obj
 0003:000001a1       Msg_06_CannotSeekFile      00000000004031a1     bin2file.obj
 0003:000001c7       Msg_06_Len                 00000000004031c7     bin2file.obj
 0003:000001cf       InFileNameLen              00000000004031cf     bin2file.obj
 0003:000001d7       OutFileNameLen             00000000004031d7     bin2file.obj
 0003:000001df       InOffsetLen                00000000004031df     bin2file.obj
 0003:000001e7       OutOffsetLen               00000000004031e7     bin2file.obj
 0003:000001ef       InSizeLen                  00000000004031ef     bin2file.obj
 0003:000001f7       InFileName                 00000000004031f7     bin2file.obj
 0003:00000231       OutFileName                0000000000403231     bin2file.obj
 0003:0000026b       InOffsetBuf                000000000040326b     bin2file.obj
 0003:00000275       OutOffsetBuf               0000000000403275     bin2file.obj
 0003:0000027f       InSizeBuf                  000000000040327f     bin2file.obj
 0003:00000289       NtOutConsoleHandle         0000000000403289     bin2file.obj
 0003:00000291       NtnArgsBuffer              0000000000403291     bin2file.obj
 0003:00000299       NtArgsBufCount             0000000000403299     bin2file.obj
 0003:000002a1       InOffsetVal                00000000004032a1     bin2file.obj
 0003:000002a9       InSizeVal                  00000000004032a9     bin2file.obj
 0003:000002b1       OutOffsetVal               00000000004032b1     bin2file.obj
 0003:000002b9       fHandle                    00000000004032b9     bin2file.obj
 0003:000002c1       lpNumberOfBytesWritten     00000000004032c1     bin2file.obj
 0003:000002c9       lpNumberOfBytesRead        00000000004032c9     bin2file.obj
 0003:000002d1       fOutHandle                 00000000004032d1     bin2file.obj
 0003:000002dc       NtlpNBytesWritten          00000000004032dc     bin2file.obj
 0003:000002e4       readbuffer                 00000000004032e4     bin2file.obj
